[trace-it.nl/index.html]
[backblue.gif]
[fade.gif]
[index.html]
[trace-it.nl/wp-includes/blocks/navigation/style.min0899.css]
[trace-it.nl/feed/index.html]
[trace-it.nl/wp-includes/blocks/cover/style.min0899.css]
[trace-it.nl/comments/feed/index.html]
[trace-it.nl/wp-includes/blocks/social-links/style.min0899.css]
[trace-it.nl/wp-content/plugins/contact-form-7/includes/css/stylesfc7a.css]
[trace-it.nl/wp-content/themes/extendable/style6cd3.css]
[trace-it.nl/wp-json/wp/v2/pages/17.json]
[trace-it.nl/wp-json/index.html]
[trace-it.nl/wp-json/oembed/1.0/embed9891.json]
[trace-it.nl/wp-json/oembed/1.0/embed4eb2]
[trace-it.nl/wp-includes/js/dist/script-modules/block-library/navigation/view.minf3d8.js]
[trace-it.nl/wp-includes/js/dist/script-modules/interactivity/index.min1c7d.js]
[trace-it.nl/wp-content/themes/extendable/assets/fonts/baloo-tamma-2/baloo-tamma-2_wght.woff2]
[trace-it.nl/wp-content/themes/extendable/assets/fonts/gotu/gotu-regular.woff2]
[trace-it.nl/wp-content/themes/extendable/assets/fonts/marcellus/marcellus_wght.woff2]
[trace-it.nl/wp-content/uploads/fonts/pxiGyp8kv8JHgFVrLPTecnFBGPaTSQ.woff2]
[trace-it.nl/wp-content/uploads/fonts/pxiByp8kv8JHgFVrLFj_V15vFP-KUEg.woff2]
[trace-it.nl/wp-content/uploads/fonts/Poppins-Thin.ttf]
[trace-it.nl/wp-content/uploads/fonts/Poppins-ExtraLight.ttf]
[trace-it.nl/wp-content/uploads/fonts/Poppins-Light.ttf]
[trace-it.nl/wp-content/uploads/fonts/Poppins-Regular.ttf]
[trace-it.nl/wp-content/uploads/fonts/Poppins-Medium.ttf]
[trace-it.nl/wp-content/uploads/fonts/Poppins-SemiBold.ttf]
[trace-it.nl/wp-content/uploads/fonts/Poppins-Bold.ttf]
[trace-it.nl/wp-content/uploads/fonts/Poppins-ExtraBold.ttf]
[trace-it.nl/wp-content/uploads/fonts/Poppins-Black.ttf]
[trace-it.nl/wp-content/uploads/fonts/pxiAyp8kv8JHgFVrJJLmE3tAOvODSVFF.woff2]
[trace-it.nl/wp-content/uploads/fonts/pxiDyp8kv8JHgFVrJJLmv1plFd2PQEhcqw.woff2]
[trace-it.nl/wp-content/uploads/fonts/Poppins-ThinItalic.ttf]
[trace-it.nl/wp-content/uploads/fonts/Poppins-ExtraLightItalic.ttf]
[trace-it.nl/wp-content/uploads/fonts/Poppins-LightItalic.ttf]
[trace-it.nl/wp-content/uploads/fonts/Poppins-Italic.ttf]
[trace-it.nl/wp-content/uploads/fonts/Poppins-MediumItalic.ttf]
[trace-it.nl/wp-content/uploads/fonts/Poppins-SemiBoldItalic.ttf]
[trace-it.nl/wp-content/uploads/fonts/Poppins-BoldItalic.ttf]
[trace-it.nl/wp-content/uploads/fonts/Poppins-ExtraBoldItalic.ttf]
[trace-it.nl/wp-content/uploads/fonts/Poppins-BlackItalic.ttf]
[trace-it.nl/wp-content/uploads/2024/09/Logo3-Dun-150x150.png]
[trace-it.nl/wp-content/uploads/2024/09/Logo3-Dun.png]
[trace-it.nl/wp-content/uploads/2024/09/workperch-6JV-sb6Du_I-unsplash-scaled.jpg]
[trace-it.nl/contact/index.html]
[trace-it.nl/wp-includes/js/dist/hooks.min4fdd.js]
[trace-it.nl/wp-includes/js/dist/i18n.minc33c.js]
[trace-it.nl/wp-content/plugins/contact-form-7/includes/swv/js/indexfc7a.js]
[trace-it.nl/wp-content/plugins/contact-form-7/includes/js/indexfc7a.js]
[trace-it.nl/index.html]
[trace-it.nl/wp-includes/blocks/navigation/style.min0899.css]
[trace-it.nl/wp-includes/blocks/cover/style.min0899.css]
[trace-it.nl/wp-includes/blocks/social-links/style.min0899.css]
[trace-it.nl/wp-content/plugins/contact-form-7/includes/css/stylesfc7a.css]
[trace-it.nl/wp-content/themes/extendable/style6cd3.css]
[trace-it.nl/xmlrpc0db0.php]
[trace-it.nl/wp-content/themes/extendable/assets/fonts/Arsenal/Arsenal-Regular.woff2]
[trace-it.nl/wp-content/themes/extendable/assets/fonts/Arsenal/Arsenal-Bold.woff2]
[trace-it.nl/wp-content/themes/extendable/assets/fonts/Geom/Geom-Variable.woff2]
[trace-it.nl/wp-content/themes/extendable/assets/fonts/Heebo/Heebo-VariableFont_wght.woff2]
[trace-it.nl/wp-content/themes/extendable/assets/fonts/Hind/Hind-Variable.woff2]
[trace-it.nl/wp-content/themes/extendable/assets/fonts/ibm-plex-sans/IBMPlexSans-Thin.woff2]
[trace-it.nl/wp-content/themes/extendable/assets/fonts/ibm-plex-sans/IBMPlexSans-ExtraLight.woff2]
[trace-it.nl/wp-content/themes/extendable/assets/fonts/ibm-plex-sans/IBMPlexSans-Light.woff2]
[trace-it.nl/wp-content/themes/extendable/assets/fonts/ibm-plex-sans/IBMPlexSans-Regular.woff2]
[trace-it.nl/wp-content/themes/extendable/assets/fonts/ibm-plex-sans/IBMPlexSans-Medium.woff2]
[trace-it.nl/wp-content/themes/extendable/assets/fonts/ibm-plex-sans/IBMPlexSans-SemiBold.woff2]
[trace-it.nl/wp-content/themes/extendable/assets/fonts/ibm-plex-sans/IBMPlexSans-Bold.woff2]
[trace-it.nl/wp-content/themes/extendable/assets/fonts/Inconsolata/Inconsolata-VariableFont_wdth,wght.woff2]
[trace-it.nl/wp-content/themes/extendable/assets/fonts/inter/InterVariable.woff2]
[trace-it.nl/wp-content/themes/extendable/assets/fonts/Jost/Jost-VariableFont_wght.woff2]
[trace-it.nl/wp-content/themes/extendable/assets/fonts/Karla/Karla-VariableFont_wght.woff2]
[trace-it.nl/wp-content/themes/extendable/assets/fonts/Koulen/Koulen-Regular.woff2]
[trace-it.nl/wp-content/themes/extendable/assets/fonts/manrope/manrope_wght.woff2]
[trace-it.nl/wp-content/themes/extendable/assets/fonts/Mulish/Mulish-VariableFont_wght.woff2]
[trace-it.nl/wp-content/themes/extendable/assets/fonts/NotoSerifDisplay/NotoSerifDisplay-VariableFont_wdth,wght.woff2]
[trace-it.nl/wp-content/themes/extendable/assets/fonts/Oswald/Oswald-VariableFont_wght.woff2]
[trace-it.nl/wp-content/themes/extendable/assets/fonts/RadioCanada/RadioCanada-VariableFont_wdth,wght.woff2]
[trace-it.nl/wp-content/themes/extendable/assets/fonts/RobotoFlex/RobotoFlex-VariableFont_GRAD,XTRA,YOPQ,YTAS,YTDE,YTFI,YTLC,YTUC,opsz,slnt,wdth,wght.woff2]
[trace-it.nl/wp-content/themes/extendable/assets/fonts/Rubik/Rubik-VariableFont_wght.woff2]
[trace-it.nl/wp-content/themes/extendable/assets/fonts/SourceSerif4/SourceSerif4-VariableFont_opsz,wght.woff2]
[trace-it.nl/wp-content/themes/extendable/assets/fonts/SpaceMono/SpaceMono-Regular.woff2]
[trace-it.nl/wp-content/themes/extendable/assets/fonts/SpaceMono/SpaceMono-Bold.woff2]
[trace-it.nl/wp-content/themes/extendable/assets/fonts/Montserrat/Montserrat-VariableFont_wght.woff2]
[trace-it.nl/wp-json/wp/v2/pages/13.json]
[trace-it.nl/wp-json/oembed/1.0/embed0ddf.json]
[trace-it.nl/wp-json/oembed/1.0/embed496b]
[trace-it.nl/wp-content/uploads/2024/09/3264b2aae5e698ebed22e7466f5d8ce5036b6cc8.jpg]
[trace-it.nl/contact/https_/trace-it.nl/wp-content/uploads/2024/09/workperch-6JV-sb6Du_I-unsplash-scaled.jpg]
[trace-it.nl/contact/index.html]
[trace-it.nl/index2dc4.html]
[trace-it.nl/contact/https_/trace-it.nl/wp-content/uploads/2024/09/workperch-6JV-sb6Du_I-unsplash-scaled.html]
